
> starter_helpi@0.1.0 test
> react-scripts test --coverage

FAIL src/App.test.tsx
  ✕ renders learn react link (68 ms)

  ● renders learn react link

    TestingLibraryElementError: Unable to find an element with the text: /learn react/i. This could be because the text is broken up by multiple elements. In this case, you can provide a function for your text matcher to make your matcher more flexible.

    Ignored nodes: comments, script, style
    [36m<body>[39m
      [36m<div>[39m
        [36m<div[39m
          [33mclass[39m=[32m"background"[39m
        [36m>[39m
          [36m<div[39m
            [33mclass[39m=[32m"diffHeader"[39m
          [36m>[39m
            [36m<button[39m
              [33mclass[39m=[32m"homeButton btn btn-secondary"[39m
              [33mtype[39m=[32m"button"[39m
            [36m>[39m
              [0mHome[0m
            [36m</button>[39m
            [36m<h1[39m
              [33mclass[39m=[32m"title"[39m
            [36m>[39m
              [0mYou and Careers![0m
            [36m</h1>[39m
            [36m<img[39m
              [33malt[39m=[32m"Logo of UNC"[39m
              [33mclass[39m=[32m"logo"[39m
              [33msrc[39m=[32m"https://i.imgur.com/wnwq3pn.png"[39m
            [36m/>[39m
          [36m</div>[39m
          [36m<div[39m
            [33mclass[39m=[32m"Home"[39m
          [36m>[39m
            [36m<header[39m
              [33mclass[39m=[32m"Home-header"[39m
            [36m>[39m
              [0mUse these quizzes to help you find a career you love![0m
            [36m</header>[39m
            [36m<div[39m
              [33mclass[39m=[32m"container"[39m
            [36m>[39m
              [36m<img[39m
                [33malt[39m=[32m"Career Quiz"[39m
                [33mclass[39m=[32m"Pic"[39m
                [33msrc[39m=[32m"https://imgur.com/YGfDoV2.png"[39m
              [36m/>[39m
              [36m<div[39m
                [33mclass[39m=[32m"App-rect1"[39m
              [36m>[39m
                [0mBasic Questions[0m
                [36m<p>[39m
                  [0mThis Button will take you to our "Basic Questions" quiz, which consists of 7 multiple choice questions. If you would like more questions, you can click the "Generate more questions" button to generate 7 more questions for more accurate results. If you do not want to answer all of the questions that is fine and you may submit at any time.[0m
                [36m</p>[39m
                [36m<button[39m
                  [33mclass[39m=[32m"lightButton btn btn-secondary"[39m
                  [33mtype[39m=[32m"button"[39m
                [36m>[39m
                  [0mBasic Questions[0m
                [36m</button>[39m
              [36m</div>[39m
              [36m<div[39m
                [33mclass[39m=[32m"App-rect2"[39m
              [36m>[39m
                [0mDetailed Questions[0m
                [36m<p>[39m
                  [0mThis Button will take you to our "Detailed Questions" quiz, which consists of 7 short respose questions. Take this quiz for a more in depth career analysis. If you would like more questions, you can click the "Generate more questions" button to generate 7 more questions for more accurate results. If you do not want to answer all of the questions that is fine and you may submit at any time.[0m
                [36m</p>[39m
                [36m<button[39m
                  [33mclass[39m=[32m"lightButton btn btn-secondary"[39m
                  [33mtype[39m=[32m"button"[39m
                [36m>[39m
                  [0mDetailed Questions[0m
                [36m</button>[39m
              [36m</div>[39m
            [36m</div>[39m
          [36m</div>[39m
          [36m<footer[39m
            [33mclass[39m=[32m"Home-footer"[39m
          [36m>[39m
            [0mThese quizzes should not be used as the sole decision when considering a career[0m
          [36m</footer>[39m
          [36m<div[39m
            [33mclass[39m=[32m"API"[39m
          [36m>[39m
            [36m<form[39m
              [33mclass[39m=[32m"API-Key"[39m
            [36m>[39m
              [36m<label[39m
                [33mclass[39m=[32m"form-label"[39m
              [36m>[39m
                [0mAPI Key:[0m
              [36m</label>[39m
              [36m<input[39m
                [33mclass[39m=[32m"form-control"[39m
                [33mplaceholder[39m=[32m"Insert API Key Here"[39m
                [33mtype[39m=[32m"password"[39m
              [36m/>[39m
              [36m<br />[39m
              [36m<button[39m
                [33mclass[39m=[32m"btn btn-secondary"[39m
                [33mtype[39m=[32m"button"[39m
              [36m>[39m
                [0mSubmit[0m
              [36m</button>[39m
            [36m</form>[39m
          [36m</div>[39m
        [36m</div>[39m
      [36m</div>[39m
    [36m</body>[39m

       5 | test('renders learn react link', () => {
       6 |   render(<App />);
    >  7 |   const linkElement = screen.getByText(/learn react/i);
         |                              ^
       8 |   expect(linkElement).toBeInTheDocument();
       9 | });
      10 |

      at Object.getElementError (node_modules/@testing-library/react/node_modules/@testing-library/dom/dist/config.js:37:19)
      at node_modules/@testing-library/react/node_modules/@testing-library/dom/dist/query-helpers.js:76:38
      at node_modules/@testing-library/react/node_modules/@testing-library/dom/dist/query-helpers.js:52:17
      at getByText (node_modules/@testing-library/react/node_modules/@testing-library/dom/dist/query-helpers.js:95:19)
      at Object.<anonymous> (src/App.test.tsx:7:30)
      at TestScheduler.scheduleTests (node_modules/@jest/core/build/TestScheduler.js:333:13)
      at runJest (node_modules/@jest/core/build/runJest.js:404:19)
      at _run10000 (node_modules/@jest/core/build/cli/index.js:320:7)
      at runCLI (node_modules/@jest/core/build/cli/index.js:173:3)

---------------------|---------|----------|---------|---------|-------------------
File                 | % Stmts | % Branch | % Funcs | % Lines | Uncovered Line #s 
---------------------|---------|----------|---------|---------|-------------------
All files            |    5.75 |      7.4 |    1.66 |    5.75 |                   
 src                 |   20.75 |       20 |    8.33 |   20.75 |                   
  App.tsx            |   26.19 |    23.07 |      10 |   26.19 | 12,24-75          
  index.tsx          |       0 |      100 |     100 |       0 | 8-20              
  reportWebVitals.ts |       0 |        0 |       0 |       0 | 3-10              
 src/components      |    1.15 |     2.56 |       0 |    1.15 |                   
  ChatGPT.tsx        |       4 |    14.28 |       0 |       4 | 6-72              
  DetailedQs.tsx     |       0 |        0 |       0 |       0 | 6-98              
  MCQs.tsx           |       0 |        0 |       0 |       0 | 7-263             
  bar.tsx            |    12.5 |      100 |       0 |    12.5 | 9-20              
---------------------|---------|----------|---------|---------|-------------------
Test Suites: 1 failed, 1 total
Tests:       1 failed, 1 total
Snapshots:   0 total
Time:        3.106 s
Ran all test suites.
